cmudict-en-us.dict
conv.lm.dmp
en-phone.dmp
en-us-ptm/README
en-us-ptm/feat.params
en-us-ptm/mdef
en-us-ptm/means
en-us-ptm/mixture_weights
en-us-ptm/noisedict
en-us-ptm/sendump
en-us-ptm/transition_matrices
en-us-ptm/variances
feat.params
mdef
means
menu.gram
menu0.gram
menu1.gram
menu10.gram
menu11.gram
menu2.gram
menu3.gram
menu4.gram
menu5.gram
menu6.gram
menu7.gram
menu8.gram
menu9.gram
menuAsYouLikeItCelia0.gram
menuAsYouLikeItCelia1.gram
menuAsYouLikeItCelia2.gram
menuAsYouLikeItCelia3.gram
menuAsYouLikeItCelia4.gram
menuAsYouLikeItCelia5.gram
menuAsYouLikeItCelia6.gram
menuAsYouLikeItCelia7.gram
menuAsYouLikeItDuke_Frederick0.gram
menuAsYouLikeItDuke_Frederick1.gram
menuAsYouLikeItDuke_Frederick2.gram
menuAsYouLikeItDuke_Frederick3.gram
menuAsYouLikeItDuke_Frederick4.gram
menuAsYouLikeItDuke_Frederick5.gram
menuAsYouLikeItDuke_Frederick6.gram
menuAsYouLikeItDuke_Frederick7.gram
menuAsYouLikeItDuke_Senior0.gram
menuAsYouLikeItDuke_Senior1.gram
menuAsYouLikeItDuke_Senior2.gram
menuAsYouLikeItDuke_Senior3.gram
menuAsYouLikeItDuke_Senior4.gram
menuAsYouLikeItDuke_Senior5.gram
menuAsYouLikeItDuke_Senior6.gram
menuAsYouLikeItDuke_Senior7.gram
menuAsYouLikeItJaques0.gram
menuAsYouLikeItJaques1.gram
menuAsYouLikeItJaques2.gram
menuAsYouLikeItJaques3.gram
menuAsYouLikeItJaques4.gram
menuAsYouLikeItJaques5.gram
menuAsYouLikeItJaques6.gram
menuAsYouLikeItJaques7.gram
menuAsYouLikeItOliver0.gram
menuAsYouLikeItOliver1.gram
menuAsYouLikeItOliver2.gram
menuAsYouLikeItOliver3.gram
menuAsYouLikeItOliver4.gram
menuAsYouLikeItOliver5.gram
menuAsYouLikeItOliver6.gram
menuAsYouLikeItOliver7.gram
menuAsYouLikeItOrlando0.gram
menuAsYouLikeItOrlando1.gram
menuAsYouLikeItOrlando2.gram
menuAsYouLikeItOrlando3.gram
menuAsYouLikeItOrlando4.gram
menuAsYouLikeItOrlando5.gram
menuAsYouLikeItOrlando6.gram
menuAsYouLikeItOrlando7.gram
menuAsYouLikeItPhebe0.gram
menuAsYouLikeItPhebe1.gram
menuAsYouLikeItPhebe2.gram
menuAsYouLikeItPhebe3.gram
menuAsYouLikeItPhebe4.gram
menuAsYouLikeItPhebe5.gram
menuAsYouLikeItPhebe6.gram
menuAsYouLikeItPhebe7.gram
menuAsYouLikeItRosalind0.gram
menuAsYouLikeItRosalind1.gram
menuAsYouLikeItRosalind2.gram
menuAsYouLikeItRosalind3.gram
menuAsYouLikeItRosalind4.gram
menuAsYouLikeItRosalind5.gram
menuAsYouLikeItRosalind6.gram
menuAsYouLikeItRosalind7.gram
menuAsYouLikeItSilvius0.gram
menuAsYouLikeItSilvius1.gram
menuAsYouLikeItSilvius2.gram
menuAsYouLikeItSilvius3.gram
menuAsYouLikeItSilvius4.gram
menuAsYouLikeItSilvius5.gram
menuAsYouLikeItSilvius6.gram
menuAsYouLikeItSilvius7.gram
menuAsYouLikeItTouchstone0.gram
menuAsYouLikeItTouchstone1.gram
menuAsYouLikeItTouchstone2.gram
menuAsYouLikeItTouchstone3.gram
menuAsYouLikeItTouchstone4.gram
menuAsYouLikeItTouchstone5.gram
menuAsYouLikeItTouchstone6.gram
menuAsYouLikeItTouchstone7.gram
menuHamletClaudius0.gram
menuHamletClaudius1.gram
menuHamletClaudius2.gram
menuHamletClaudius3.gram
menuHamletClaudius4.gram
menuHamletClaudius5.gram
menuHamletClaudius6.gram
menuHamletClaudius7.gram
menuHamletFortinbras0.gram
menuHamletFortinbras1.gram
menuHamletFortinbras2.gram
menuHamletFortinbras3.gram
menuHamletFortinbras4.gram
menuHamletFortinbras5.gram
menuHamletFortinbras6.gram
menuHamletFortinbras7.gram
menuHamletGertrude0.gram
menuHamletGertrude1.gram
menuHamletGertrude2.gram
menuHamletGertrude3.gram
menuHamletGertrude4.gram
menuHamletGertrude5.gram
menuHamletGertrude6.gram
menuHamletGertrude7.gram
menuHamletHamlet0.gram
menuHamletHamlet1.gram
menuHamletHamlet2.gram
menuHamletHamlet3.gram
menuHamletHamlet4.gram
menuHamletHamlet5.gram
menuHamletHamlet6.gram
menuHamletHamlet7.gram
menuHamletHoratio0.gram
menuHamletHoratio1.gram
menuHamletHoratio2.gram
menuHamletHoratio3.gram
menuHamletHoratio4.gram
menuHamletHoratio5.gram
menuHamletHoratio6.gram
menuHamletHoratio7.gram
menuHamletLaertes0.gram
menuHamletLaertes1.gram
menuHamletLaertes2.gram
menuHamletLaertes3.gram
menuHamletLaertes4.gram
menuHamletLaertes5.gram
menuHamletLaertes6.gram
menuHamletLaertes7.gram
menuHamletOphelia0.gram
menuHamletOphelia1.gram
menuHamletOphelia2.gram
menuHamletOphelia3.gram
menuHamletOphelia4.gram
menuHamletOphelia5.gram
menuHamletOphelia6.gram
menuHamletOphelia7.gram
menuHamletPolonius0.gram
menuHamletPolonius1.gram
menuHamletPolonius2.gram
menuHamletPolonius3.gram
menuHamletPolonius4.gram
menuHamletPolonius5.gram
menuHamletPolonius6.gram
menuHamletPolonius7.gram
menuHamletThe Ghost0.gram
menuHamletThe Ghost1.gram
menuHamletThe Ghost2.gram
menuHamletThe Ghost3.gram
menuHamletThe Ghost4.gram
menuHamletThe Ghost5.gram
menuHamletThe Ghost6.gram
menuHamletThe Ghost7.gram
menuHamletThe_Ghost0.gram
menuHamletThe_Ghost1.gram
menuHamletThe_Ghost2.gram
menuHamletThe_Ghost3.gram
menuHamletThe_Ghost4.gram
menuHamletThe_Ghost5.gram
menuHamletThe_Ghost6.gram
menuHamletThe_Ghost7.gram
menuJuliusAntony0.gram
menuJuliusAntony1.gram
menuJuliusAntony2.gram
menuJuliusAntony3.gram
menuJuliusAntony4.gram
menuJuliusAntony5.gram
menuJuliusAntony6.gram
menuJuliusAntony7.gram
menuJuliusBrutus0.gram
menuJuliusBrutus1.gram
menuJuliusBrutus2.gram
menuJuliusBrutus3.gram
menuJuliusBrutus4.gram
menuJuliusBrutus5.gram
menuJuliusBrutus6.gram
menuJuliusBrutus7.gram
menuJuliusCalpurnia0.gram
menuJuliusCalpurnia1.gram
menuJuliusCalpurnia2.gram
menuJuliusCalpurnia3.gram
menuJuliusCalpurnia4.gram
menuJuliusCalpurnia5.gram
menuJuliusCalpurnia6.gram
menuJuliusCalpurnia7.gram
menuJuliusCasca0.gram
menuJuliusCasca1.gram
menuJuliusCasca2.gram
menuJuliusCasca3.gram
menuJuliusCasca4.gram
menuJuliusCasca5.gram
menuJuliusCasca6.gram
menuJuliusCasca7.gram
menuJuliusCassius0.gram
menuJuliusCassius1.gram
menuJuliusCassius2.gram
menuJuliusCassius3.gram
menuJuliusCassius4.gram
menuJuliusCassius5.gram
menuJuliusCassius6.gram
menuJuliusCassius7.gram
menuJuliusCicero0.gram
menuJuliusCicero1.gram
menuJuliusCicero2.gram
menuJuliusCicero3.gram
menuJuliusCicero4.gram
menuJuliusCicero5.gram
menuJuliusCicero6.gram
menuJuliusCicero7.gram
menuJuliusFlavius0.gram
menuJuliusFlavius1.gram
menuJuliusFlavius2.gram
menuJuliusFlavius3.gram
menuJuliusFlavius4.gram
menuJuliusFlavius5.gram
menuJuliusFlavius6.gram
menuJuliusFlavius7.gram
menuJuliusJulius_Caesar0.gram
menuJuliusJulius_Caesar1.gram
menuJuliusJulius_Caesar2.gram
menuJuliusJulius_Caesar3.gram
menuJuliusJulius_Caesar4.gram
menuJuliusJulius_Caesar5.gram
menuJuliusJulius_Caesar6.gram
menuJuliusJulius_Caesar7.gram
menuJuliusOctavius0.gram
menuJuliusOctavius1.gram
menuJuliusOctavius2.gram
menuJuliusOctavius3.gram
menuJuliusOctavius4.gram
menuJuliusOctavius5.gram
menuJuliusOctavius6.gram
menuJuliusOctavius7.gram
menuJuliusPortia0.gram
menuJuliusPortia1.gram
menuJuliusPortia2.gram
menuJuliusPortia3.gram
menuJuliusPortia4.gram
menuJuliusPortia5.gram
menuJuliusPortia6.gram
menuJuliusPortia7.gram
mixture_weights
noisedict
sendump
transition_matrices
variances